#
# There is insufficient memory for the Java Runtime Environment to continue.
# Native memory allocation (mmap) failed to map 528482304 bytes for G1 virtual space
# Possible reasons:
#   The system is out of physical RAM or swap space
#   The process is running with CompressedOops enabled, and the Java Heap may be blocking the growth of the native heap
# Possible solutions:
#   Reduce memory load on the system
#   Increase physical memory or swap space
#   Check if swap backing store is full
#   Decrease Java heap size (-Xmx/-Xms)
#   Decrease number of Java threads
#   Decrease Java thread stack sizes (-Xss)
#   Set larger code cache with -XX:ReservedCodeCacheSize=
#   JVM is running with Unscaled Compressed Oops mode in which the Java heap is
#     placed in the first 4GB address space. The Java Heap base address is the
#     maximum limit for the native heap growth. Please use -XX:HeapBaseMinAddress
#     to set the Java Heap base and to place the Java Heap above 4GB virtual address.
# This output file may be truncated or incomplete.
#
#  Out of Memory Error (os_windows.cpp:3548), pid=132068, tid=134528
#
# JRE version:  (17.0.12+8) (build )
# Java VM: Java HotSpot(TM) 64-Bit Server VM (17.0.12+8-LTS-286, mixed mode, sharing, tiered, compressed oops, compressed class ptrs, g1 gc, windows-amd64)
# No core dump will be written. Minidumps are not enabled by default on client versions of Windows
#

---------------  S U M M A R Y ------------

Command Line: -Dorg.gradle.internal.worker.tmpdir=E:\.Gits\Krystals\crystal-core\build\tmp\test\work -Xmx512m -Dfile.encoding=UTF-8 -Duser.country=CN -Duser.language=zh -Duser.variant -ea worker.org.gradle.process.internal.worker.GradleWorkerMain 'Gradle Test Executor 4'

Host: Intel(R) Core(TM) Ultra 9 275HX, 24 cores, 31G,  Windows 11 , 64 bit Build 26100 (10.0.26100.8875)
Time: Thu Jul 30 21:59:41 2026  Windows 11 , 64 bit Build 26100 (10.0.26100.8875) elapsed time: 2.786309 seconds (0d 0h 0m 2s)

---------------  T H R E A D  ---------------

Current thread (0x000001c2239a9470):  JavaThread "Unknown thread" [_thread_in_vm, id=134528, stack(0x000000a1d4500000,0x000000a1d4600000)]

Stack: [0x000000a1d4500000,0x000000a1d4600000]
Native frames: (J=compiled Java code, j=interpreted, Vv=VM code, C=native code)
V  [jvm.dll+0x67a04a]
V  [jvm.dll+0x7da4ed]
V  [jvm.dll+0x7dbe33]
V  [jvm.dll+0x7dc4a3]
V  [jvm.dll+0x24508f]
V  [jvm.dll+0x677089]
V  [jvm.dll+0x66bd32]
V  [jvm.dll+0x301fa6]
V  [jvm.dll+0x309546]
V  [jvm.dll+0x359d2e]
V  [jvm.dll+0x359f5f]
V  [jvm.dll+0x2d9078]
V  [jvm.dll+0x2d9fe4]
V  [jvm.dll+0x7aca21]
V  [jvm.dll+0x367591]
V  [jvm.dll+0x78b999]
V  [jvm.dll+0x3ec83f]
V  [jvm.dll+0x3ee471]
C  [jli.dll+0x5297]
C  [ucrtbase.dll+0x2cd30]
C  [KERNEL32.DLL+0x2e957]
C  [ntdll.dll+0xaad6c]


---------------  P R O C E S S  ---------------

Threads class SMR info:
_java_thread_list=0x00007ff8becd7a18, length=0, elements={
}

Java Threads: ( => current thread )

Other Threads:
  0x000001c2239da150 GCTaskThread "GC Thread#0" [stack: 0x000000a1d4600000,0x000000a1d4700000] [id=128412]
  0x000001c2239c7c80 ConcurrentGCThread "G1 Main Marker" [stack: 0x000000a1d4700000,0x000000a1d4800000] [id=137036]
  0x000001c2239e24d0 ConcurrentGCThread "G1 Conc#0" [stack: 0x000000a1d4800000,0x000000a1d4900000] [id=112648]

[error occurred during error reporting (printing all threads), id 0xc0000005, EXCEPTION_ACCESS_VIOLATION (0xc0000005) at pc=0x00007ff8be509b67]

VM state: not at safepoint (not fully initialized)

VM Mutex/Monitor currently owned by a thread:  ([mutex/lock_event])
[0x000001c2239a6590] Heap_lock - owner thread: 0x000001c2239a9470

Heap address: 0x00000000e0000000, size: 512 MB, Compressed Oops mode: 32-bit

CDS archive(s) mapped at: [0x0000000000000000-0x0000000000000000-0x0000000000000000), size 0, SharedBaseAddress: 0x0000000800000000, ArchiveRelocationMode: 1.
Narrow klass base: 0x0000000000000000, Narrow klass shift: 0, Narrow klass range: 0x0

GC Precious Log:
<Empty>

Heap:
 garbage-first heap   total 0K, used 0K [0x00000000e0000000, 0x0000000100000000)
  region size 1024K, 0 young (0K), 0 survivors (0K)

[error occurred during error reporting (printing heap information), id 0xc0000005, EXCEPTION_ACCESS_VIOLATION (0xc0000005) at pc=0x00007ff8be8f3859]

GC Heap History (0 events):
No events

Deoptimization events (0 events):
No events

Classes unloaded (0 events):
No events

Classes redefined (0 events):
No events

Internal exceptions (0 events):
No events

VM Operations (0 events):
No events

Events (1 events):
Event: 0.025 Loaded shared library C:\Program Files\Java\jdk-17\bin\java.dll


Dynamic libraries:
0x00007ff763bd0000 - 0x00007ff763be0000 	C:\Program Files\Java\jdk-17\bin\java.exe
0x00007ff9f17c0000 - 0x00007ff9f1a26000 	C:\Windows\SYSTEM32\ntdll.dll
0x00007ff9f0550000 - 0x00007ff9f0619000 	C:\Windows\System32\KERNEL32.DLL
0x00007ff9ee9e0000 - 0x00007ff9eedde000 	C:\Windows\System32\KERNELBASE.dll
0x00007ff9eefd0000 - 0x00007ff9ef11c000 	C:\Windows\System32\ucrtbase.dll
0x00007ff9a0b80000 - 0x00007ff9a0b9b000 	C:\Program Files\Java\jdk-17\bin\VCRUNTIME140.dll
0x00007ff9b68e0000 - 0x00007ff9b68f9000 	C:\Program Files\Java\jdk-17\bin\jli.dll
0x00007ff9f1620000 - 0x00007ff9f16d7000 	C:\Windows\System32\ADVAPI32.dll
0x00007ff9ef4f0000 - 0x00007ff9ef599000 	C:\Windows\System32\msvcrt.dll
0x00007ff9f14d0000 - 0x00007ff9f157a000 	C:\Windows\System32\sechost.dll
0x00007ff9ef840000 - 0x00007ff9ef958000 	C:\Windows\System32\RPCRT4.dll
0x00007ff9f0350000 - 0x00007ff9f0517000 	C:\Windows\System32\USER32.dll
0x00007ff9ef1f0000 - 0x00007ff9ef217000 	C:\Windows\System32\win32u.dll
0x00007ff9c6260000 - 0x00007ff9c64f2000 	C:\Windows\WinSxS\amd64_microsoft.windows.common-controls_6595b64144ccf1df_6.0.26100.8875_none_3e0d5d42e32fe9dd\COMCTL32.dll
0x00007ff9f1580000 - 0x00007ff9f15ab000 	C:\Windows\System32\GDI32.dll
0x00007ff9eedf0000 - 0x00007ff9eef1a000 	C:\Windows\System32\gdi32full.dll
0x00007ff9eef20000 - 0x00007ff9eefc3000 	C:\Windows\System32\msvcp_win.dll
0x00007ff9e6010000 - 0x00007ff9e601b000 	C:\Windows\SYSTEM32\VERSION.dll
0x00007ff9f15d0000 - 0x00007ff9f1602000 	C:\Windows\System32\IMM32.DLL
0x00007ff9ddfb0000 - 0x00007ff9ddfbc000 	C:\Program Files\Java\jdk-17\bin\vcruntime140_1.dll
0x00007ff976c30000 - 0x00007ff976cbe000 	C:\Program Files\Java\jdk-17\bin\msvcp140.dll
0x00007ff8be220000 - 0x00007ff8bee00000 	C:\Program Files\Java\jdk-17\bin\server\jvm.dll
0x00007ff9f1610000 - 0x00007ff9f1618000 	C:\Windows\System32\PSAPI.DLL
0x00007ff9d0110000 - 0x00007ff9d011a000 	C:\Windows\SYSTEM32\WSOCK32.dll
0x00007ff9ef5a0000 - 0x00007ff9ef620000 	C:\Windows\System32\WS2_32.dll
0x00007ff9e6340000 - 0x00007ff9e6376000 	C:\Windows\SYSTEM32\WINMM.dll
0x00007ff9ed6c0000 - 0x00007ff9ed6db000 	C:\Windows\SYSTEM32\kernel.appcore.dll
0x00007ff9dda80000 - 0x00007ff9dda8a000 	C:\Program Files\Java\jdk-17\bin\jimage.dll
0x00007ff9ebcf0000 - 0x00007ff9ebf32000 	C:\Windows\SYSTEM32\DBGHELP.DLL
0x00007ff9f0690000 - 0x00007ff9f0a13000 	C:\Windows\System32\combase.dll
0x00007ff9f0b40000 - 0x00007ff9f0c19000 	C:\Windows\System32\OLEAUT32.dll
0x00007ff9cc100000 - 0x00007ff9cc13b000 	C:\Windows\SYSTEM32\dbgcore.DLL
0x00007ff9ef130000 - 0x00007ff9ef1dc000 	C:\Windows\System32\bcryptPrimitives.dll
0x00007ff9a0a10000 - 0x00007ff9a0a35000 	C:\Program Files\Java\jdk-17\bin\java.dll

dbghelp: loaded successfully - version: 4.0.5 - missing functions: none
symbol engine: initialized successfully - sym options: 0x614 - pdb path: .;C:\Program Files\Java\jdk-17\bin;C:\Windows\SYSTEM32;C:\Windows\WinSxS\amd64_microsoft.windows.common-controls_6595b64144ccf1df_6.0.26100.8875_none_3e0d5d42e32fe9dd;C:\Program Files\Java\jdk-17\bin\server

VM Arguments:
jvm_args: -Dorg.gradle.internal.worker.tmpdir=E:\.Gits\Krystals\crystal-core\build\tmp\test\work -Xmx512m -Dfile.encoding=UTF-8 -Duser.country=CN -Duser.language=zh -Duser.variant -ea 
java_command: worker.org.gradle.process.internal.worker.GradleWorkerMain 'Gradle Test Executor 4'
java_class_path (initial): C:\\Users\\kelesss\\.gradle\\caches\\8.11.1\\workerMain\\gradle-worker.jar;E:\\.Gits\\Krystals\\crystal-core\\build\\classes\\kotlin\\test;E:\\.Gits\\Krystals\\crystal-core\\build\\resources\\test;E:\\.Gits\\Krystals\\crystal-core\\build\\classes\\kotlin\\main;E:\\.Gits\\Krystals\\crystal-data\\build\\libs\\crystal-data.jar;C:\\Users\\kelesss\\.gradle\\caches\\modules-2\\files-2.1\\org.jetbrains.kotlin\\kotlin-test-junit5\\2.1.21\\25a13b3798de6aff1d780c797103358a364a79de\\kotlin-test-junit5-2.1.21.jar;C:\\Users\\kelesss\\.gradle\\caches\\modules-2\\files-2.1\\org.jetbrains.kotlin\\kotlin-test\\2.1.21\\8cd4c9b8c8857aefc97662f582f613943519581\\kotlin-test-2.1.21.jar;C:\\Users\\kelesss\\.gradle\\caches\\modules-2\\files-2.1\\org.jetbrains.kotlin\\kotlin-stdlib\\2.1.21\\97a0975aa19d925e109537af60eb46902920015c\\kotlin-stdlib-2.1.21.jar;C:\\Users\\kelesss\\.gradle\\caches\\modules-2\\files-2.1\\org.junit.platform\\junit-platform-launcher\\1.13.1\\e633dd5147a2cb4e15925387958cd0610cbc4057\\junit-platform-launcher-1.13.1.jar;C:\\Users\\kelesss\\.gradle\\caches\\modules-2\\files-2.1\\org.junit.jupiter\\junit-jupiter-params\\5.13.1\\190caf10c51c9c22fe835fa9961c80b386a801f6\\junit-jupiter-params-5.13.1.jar;C:\\Users\\kelesss\\.gradle\\caches\\modules-2\\files-2.1\\org.junit.jupiter\\junit-jupiter-engine\\5.13.1\\f9b875488495c154f813c92ce4f67095a14c7ca1\\junit-jupiter-engine-5.13.1.jar;C:\\Users\\kelesss\\.gradle\\caches\\modules-2\\files-2.1\\org.junit.jupiter\\junit-jupiter-api\\5.13.1\\33ee7e4a267950257dc7da8946af0db3f73e36f4\\junit-jupiter-api-5.13.1.jar;C:\\Users\\kelesss\\.gradle\\caches\\modules-2\\files-2.1\\org.junit.platform\\junit-platform-engine\\1.13.1\\15a28065d991d076ae59f2406e7b8a4a9db655b7\\junit-platform-engine-1.13.1.jar;C:\\Users\\kelesss\\.gradle\\caches\\modules-2\\files-2.1\\org.junit.platform\\junit-platform-commons\\1.13.1\\44a365b1bd727696717c01a2a44b8705fd52935e\\junit-platform-commons-1.13.1.jar;C:\\Users\\kelesss\\.gradl
Launcher Type: SUN_STANDARD

[Global flags]
     intx CICompilerCount                          = 12                                        {product} {ergonomic}
     uint ConcGCThreads                            = 5                                         {product} {ergonomic}
     uint G1ConcRefinementThreads                  = 18                                        {product} {ergonomic}
   size_t G1HeapRegionSize                         = 1048576                                   {product} {ergonomic}
    uintx GCDrainStackTargetSize                   = 64                                        {product} {ergonomic}
   size_t InitialHeapSize                          = 528482304                                 {product} {ergonomic}
   size_t MarkStackSize                            = 4194304                                   {product} {ergonomic}
   size_t MaxHeapSize                              = 536870912                                 {product} {command line}
   size_t MinHeapDeltaBytes                        = 1048576                                   {product} {ergonomic}
   size_t MinHeapSize                              = 8388608                                   {product} {ergonomic}
    uintx NonNMethodCodeHeapSize                   = 7602480                                {pd product} {ergonomic}
    uintx NonProfiledCodeHeapSize                  = 122027880                              {pd product} {ergonomic}
    uintx ProfiledCodeHeapSize                     = 122027880                              {pd product} {ergonomic}
    uintx ReservedCodeCacheSize                    = 251658240                              {pd product} {ergonomic}
     bool SegmentedCodeCache                       = true                                      {product} {ergonomic}
   size_t SoftMaxHeapSize                          = 536870912                              {manageable} {ergonomic}
     bool UseCompressedClassPointers               = true                           {product lp64_product} {ergonomic}
     bool UseCompressedOops                        = true                           {product lp64_product} {ergonomic}
     bool UseG1GC                                  = true                                      {product} {ergonomic}
     bool UseLargePagesIndividualAllocation        = false                                  {pd product} {ergonomic}

Logging:
Log output configuration:
 #0: stdout all=warning uptime,level,tags
 #1: stderr all=off uptime,level,tags

Environment Variables:
JAVA_HOME=C:\Program Files\Java\jdk-17
PATH=D:\Programs\anaconda3\condabin;C:\Program Files\Java\jdk-17\bin;D:\Programs\ImageMagick-7.1.1-Q16-HDRI;C:\Program Files\NVIDIA GPU Computing Toolkit\CUDA\v12.9\bin;C:\Program Files\NVIDIA GPU Computing Toolkit\CUDA\v12.9\libnvvp;D:\Programs\VMware\VMware Workstation\bin\;D:\Programs\PerkinElmerInformatics\ChemOffice\ChemScript\Lib;C:\Program Files\Common Files\Oracle\Java\javapath;C:\Windows\system32;C:\Windows;C:\Windows\System32\Wbem;C:\Windows\System32\WindowsPowerShell\v1.0\;C:\Windows\System32\OpenSSH\;C:\Program Files\NVIDIA Corporation\NVIDIA app\NvDLISR;C:\Program Files\dotnet\;C:\Program Files (x86)\NVIDIA Corporation\PhysX\Common;C:\Program Files\Bandizip\;D:\Programs\MATLAB\R2024b\bin;C:\Program Files\NVIDIA Corporation\Nsight Compute 2025.2.1\;D:\Programs\Neovim\bin;D:\Programs\PowerShell\7-preview\preview;D:\Programs\dotnet\;C:\Windows\system32\downlevel;C:\Program Files\Git\cmd;D:\Programs\CMake\bin;D:\Programs\nodejs\;D:\Programs\Go\bin;D:\Programes\Sunshine;D:\Programes\Sunshine\tools;D:\Programs\Windows Kits\10\Windows Performance Toolkit\;C:\Program Files\Wolfram Research\WolframScript\;D:\Programs\NetSarang\Xshell 8\;D:\Programs\NetSarang\Xftp 8\;C:\Program Files (x86)\Pulse Secure\VC142.CRT\X64\;C:\Program Files (x86)\Pulse Secure\VC142.CRT\X86\;C:\Program Files (x86)\Common Files\Pulse Secure\TNC Client Plugin;D:\Programs\Sunshine;D:\Programs\Sunshine\tools /f;C:\Program Files (x86)\IVI Foundation\VISA\WinNT\Bin\;C:\Program Files\IVI Foundation\VISA\Win64\Bin\;C:\Program Files (x86)\IVI Foundation\VISA\WinNT\Bin;C:\Users\kelesss\.meituan-catpaw\bin;C:\Users\kelesss\.cargo\bin;D:\Scoop\apps\ghostscript\current\lib;D:\Scoop\apps\imagemagick\current;D:\scoop\shims;C:\Users\kelesss\AppData\Local\Programs\Python\Python312\Scripts\;C:\Users\kelesss\AppData\Local\Programs\Python\Python312\;D:\Programs\VMware\VMware Workstation\bin\;D:\Programs\PerkinElmerInformatics\ChemOffice\ChemScript\Lib;C:\Program Files\Common Files\Oracle\Java\javapath;C:\Windo
USERNAME=kelesss
OS=Windows_NT
PROCESSOR_IDENTIFIER=Intel64 Family 6 Model 198 Stepping 2, GenuineIntel



---------------  S Y S T E M  ---------------

OS:
 Windows 11 , 64 bit Build 26100 (10.0.26100.8875)
OS uptime: 12 days 5:57 hours

CPU: total 24 (initial active 24) (24 cores per cpu, 1 threads per core) family 6 model 198 stepping 2 microcode 0x118, cx8, cmov, fxsr, mmx, 3dnowpref, sse, sse2, sse3, ssse3, sse4.1, sse4.2, popcnt, lzcnt, tsc, tscinvbit, avx, avx2, aes, erms, clmul, bmi1, bmi2, adx, sha, fma, vzeroupper, clflush, clflushopt, clwb

Memory: 4k page, system-wide physical 32189M (1818M free)
TotalPageFile size 59768M (AvailPageFile size 561M)
current process WorkingSet (physical memory assigned to process): 12M, peak: 12M
current process commit charge ("private bytes"): 80M, peak: 584M

vm_info: Java HotSpot(TM) 64-Bit Server VM (17.0.12+8-LTS-286) for windows-amd64 JRE (17.0.12+8-LTS-286), built on Jun  5 2024 06:46:59 by "mach5one" with MS VC++ 17.6 (VS2022)

END.
